Component: ARM Compiler 5.06 update 6 (build 750) Tool: armlink [4d35ed]

==============================================================================

Section Cross References

    main.o(.text) refers to led.o(.text) for LED_Init
    main.o(.text) refers to delay.o(.text) for delay_init
    main.o(.text) refers to misc.o(.text) for NVIC_PriorityGroupConfig
    main.o(.text) refers to usart2.o(.text) for usart2_config
    main.o(.text) refers to key_ch455_iic.o(.text) for CH455_Key_Init
    main.o(.text) refers to pid.o(.text) for all_pid_init
    main.o(.text) refers to oled_basic.o(.text) for InitGraph
    main.o(.text) refers to lqax.o(.text) for Init_2100_8700
    main.o(.text) refers to encoder.o(.text) for Encoder_Init_TIM2
    main.o(.text) refers to timer.o(.text) for TIM3_Int_Init
    main.o(.text) refers to pwm.o(.text) for TIM1_PWM_Init
    main.o(.text) refers to menu.o(.text) for menuinit
    main.o(.text) refers to key.o(.text) for buttons_updata
    main.o(.text) refers to usart2.o(.bss) for rxbuf
    main.o(.text) refers to controller.o(.data) for track_err
    main.o(.text) refers to main.o(.data) for .data
    system_stm32f10x.o(.text) refers to system_stm32f10x.o(.data) for .data
    led.o(.text) refers to stm32f10x_rcc.o(.text) for RCC_APB2PeriphClockCmd
    led.o(.text) refers to stm32f10x_gpio.o(.text) for GPIO_Init
    key.o(.text) refers to stm32f10x_rcc.o(.text) for RCC_APB2PeriphClockCmd
    key.o(.text) refers to stm32f10x_gpio.o(.text) for GPIO_PinRemapConfig
    key.o(.text) refers to delay.o(.text) for delay_ms
    key.o(.text) refers to millis.o(.text) for millis_get
    key.o(.text) refers to menu.o(.text) for change_level
    key.o(.text) refers to key.o(.data) for .data
    key.o(.text) refers to key.o(.constdata) for .constdata
    key_ch455_iic.o(.text) refers to stm32f10x_gpio.o(.text) for GPIO_SetBits
    key_ch455_iic.o(.text) refers to stm32f10x_rcc.o(.text) for RCC_APB2PeriphClockCmd
    key_ch455_iic.o(.text) refers to stm32f10x_exti.o(.text) for EXTI_Init
    key_ch455_iic.o(.text) refers to misc.o(.text) for NVIC_Init
    key_ch455_iic.o(.text) refers to delay.o(.text) for delay_ms
    key_ch455_iic.o(.text) refers to key.o(.data) for key_infor
    key_ch455_iic.o(.text) refers to key.o(.data) for if_use_ch455
    key_ch455_iic.o(.text) refers to key.o(.data) for SHIFT_ON
    timer.o(.text) refers to stm32f10x_rcc.o(.text) for RCC_APB1PeriphClockCmd
    timer.o(.text) refers to stm32f10x_tim.o(.text) for TIM_TimeBaseInit
    timer.o(.text) refers to misc.o(.text) for NVIC_Init
    timer.o(.text) refers to lqax.o(.text) for Ang_measure
    timer.o(.text) refers to controller.o(.text) for track_deal
    timer.o(.text) refers to ffix.o(x$fpl$ffix) for __aeabi_f2iz
    timer.o(.text) refers to fflt_clz.o(x$fpl$fflt) for __aeabi_i2f
    timer.o(.text) refers to millis.o(.data) for milliseconds
    timer.o(.text) refers to timer.o(.data) for .data
    timer.o(.text) refers to controller.o(.data) for actual_value
    pwm.o(.text) refers to stm32f10x_rcc.o(.text) for RCC_APB2PeriphClockCmd
    pwm.o(.text) refers to stm32f10x_gpio.o(.text) for GPIO_Init
    pwm.o(.text) refers to stm32f10x_tim.o(.text) for TIM_TimeBaseInit
    pwm.o(.text) refers to f2d.o(x$fpl$f2d) for __aeabi_f2d
    pwm.o(.text) refers to ddiv.o(x$fpl$ddiv) for __aeabi_ddiv
    pwm.o(.text) refers to daddsub_clz.o(x$fpl$drsb) for __aeabi_drsub
    pwm.o(.text) refers to d2f.o(x$fpl$d2f) for __aeabi_d2f
    pwm.o(.text) refers to ffixu.o(x$fpl$ffixu) for __aeabi_f2uiz
    encoder.o(.text) refers to stm32f10x_rcc.o(.text) for RCC_APB1PeriphClockCmd
    encoder.o(.text) refers to stm32f10x_gpio.o(.text) for GPIO_Init
    encoder.o(.text) refers to stm32f10x_tim.o(.text) for TIM_TimeBaseStructInit
    adc.o(.text) refers to stm32f10x_rcc.o(.text) for RCC_APB2PeriphClockCmd
    adc.o(.text) refers to stm32f10x_gpio.o(.text) for GPIO_Init
    adc.o(.text) refers to stm32f10x_adc.o(.text) for ADC_Init
    adc.o(.text) refers to stm32f10x_dma.o(.text) for DMA_Init
    adc.o(.text) refers to fflt_clz.o(x$fpl$ffltu) for __aeabi_ui2f
    adc.o(.text) refers to scalbnf.o(x$fpl$scalbnf) for __ARM_scalbnf
    adc.o(.text) refers to fmul.o(x$fpl$fmul) for __aeabi_fmul
    adc.o(.text) refers to adc.o(.data) for .data
    adc.o(.text) refers to adc.o(.bss) for .bss
    delay.o(.text) refers to misc.o(.text) for SysTick_CLKSourceConfig
    delay.o(.text) refers to system_stm32f10x.o(.data) for SystemCoreClock
    delay.o(.text) refers to delay.o(.data) for .data
    usart.o(.text) refers (Special) to use_no_semi_2.o(.text) for __use_no_semihosting
    usart.o(.text) refers to stm32f10x_rcc.o(.text) for RCC_APB2PeriphClockCmd
    usart.o(.text) refers to stm32f10x_gpio.o(.text) for GPIO_Init
    usart.o(.text) refers to misc.o(.text) for NVIC_Init
    usart.o(.text) refers to stm32f10x_usart.o(.text) for USART_Init
    usart.o(.text) refers to stm32f10x_dma.o(.text) for DMA_Init
[...]
    USART_ITConfig                           0x08001c3f   Thumb Code    48  stm32f10x_usart.o(.text)
    USART_DMACmd                             0x08001c6f   Thumb Code    16  stm32f10x_usart.o(.text)
    USART_SetAddress                         0x08001c7f   Thumb Code    16  stm32f10x_usart.o(.text)
    USART_WakeUpConfig                       0x08001c8f   Thumb Code    16  stm32f10x_usart.o(.text)
    USART_ReceiverWakeUpCmd                  0x08001c9f   Thumb Code    20  stm32f10x_usart.o(.text)
    USART_LINBreakDetectLengthConfig         0x08001cb3   Thumb Code    16  stm32f10x_usart.o(.text)
    USART_LINCmd                             0x08001cc3   Thumb Code    20  stm32f10x_usart.o(.text)
    USART_SendData                           0x08001cd7   Thumb Code     8  stm32f10x_usart.o(.text)
    USART_ReceiveData                        0x08001cdf   Thumb Code     8  stm32f10x_usart.o(.text)
    USART_SendBreak                          0x08001ce7   Thumb Code    10  stm32f10x_usart.o(.text)
    USART_SetGuardTime                       0x08001cf1   Thumb Code    16  stm32f10x_usart.o(.text)
    USART_SetPrescaler                       0x08001d01   Thumb Code    16  stm32f10x_usart.o(.text)
    USART_SmartCardCmd                       0x08001d11   Thumb Code    20  stm32f10x_usart.o(.text)
    USART_SmartCardNACKCmd                   0x08001d25   Thumb Code    20  stm32f10x_usart.o(.text)
    USART_HalfDuplexCmd                      0x08001d39   Thumb Code    20  stm32f10x_usart.o(.text)
    USART_OverSampling8Cmd                   0x08001d4d   Thumb Code    20  stm32f10x_usart.o(.text)
    USART_OneBitMethodCmd                    0x08001d61   Thumb Code    20  stm32f10x_usart.o(.text)
    USART_IrDAConfig                         0x08001d75   Thumb Code    16  stm32f10x_usart.o(.text)
    USART_IrDACmd                            0x08001d85   Thumb Code    20  stm32f10x_usart.o(.text)
    USART_GetFlagStatus                      0x08001d99   Thumb Code    14  stm32f10x_usart.o(.text)
    USART_ClearFlag                          0x08001da7   Thumb Code     6  stm32f10x_usart.o(.text)
    USART_GetITStatus                        0x08001dad   Thumb Code    62  stm32f10x_usart.o(.text)
    USART_ClearITPendingBit                  0x08001deb   Thumb Code    12  stm32f10x_usart.o(.text)
    NVIC_PriorityGroupConfig                 0x08001e0d   Thumb Code    10  misc.o(.text)
    NVIC_Init                                0x08001e17   Thumb Code    94  misc.o(.text)
    NVIC_SetVectorTable                      0x08001e75   Thumb Code    14  misc.o(.text)
    NVIC_SystemLPConfig                      0x08001e83   Thumb Code    20  misc.o(.text)
    SysTick_CLKSourceConfig                  0x08001e97   Thumb Code    24  misc.o(.text)
    TIM_DeInit                               0x08001ebd   Thumb Code   304  stm32f10x_tim.o(.text)
    TIM_TimeBaseInit                         0x08001fed   Thumb Code   114  stm32f10x_tim.o(.text)
    TIM_OC1Init                              0x0800205f   Thumb Code   106  stm32f10x_tim.o(.text)
    TIM_OC2Init                              0x080020c9   Thumb Code   120  stm32f10x_tim.o(.text)
    TIM_OC3Init                              0x08002141   Thumb Code   116  stm32f10x_tim.o(.text)
    TIM_OC4Init                              0x080021b5   Thumb Code    90  stm32f10x_tim.o(.text)
    TIM_SetIC4Prescaler                      0x0800220f   Thumb Code    24  stm32f10x_tim.o(.text)
    TIM_SetIC3Prescaler                      0x08002227   Thumb Code    16  stm32f10x_tim.o(.text)
    TIM_SetIC2Prescaler                      0x08002237   Thumb Code    24  stm32f10x_tim.o(.text)
    TIM_SetIC1Prescaler                      0x080022f5   Thumb Code    16  stm32f10x_tim.o(.text)
    TIM_ICInit                               0x0800235d   Thumb Code   270  stm32f10x_tim.o(.text)
    TIM_PWMIConfig                           0x0800246b   Thumb Code   104  stm32f10x_tim.o(.text)
    TIM_BDTRConfig                           0x080024d3   Thumb Code    34  stm32f10x_tim.o(.text)
    TIM_TimeBaseStructInit                   0x080024f5   Thumb Code    18  stm32f10x_tim.o(.text)
    TIM_OCStructInit                         0x08002507   Thumb Code    20  stm32f10x_tim.o(.text)
    TIM_ICStructInit                         0x0800251b   Thumb Code    16  stm32f10x_tim.o(.text)
    TIM_BDTRStructInit                       0x0800252b   Thumb Code    18  stm32f10x_tim.o(.text)
    TIM_Cmd                                  0x0800253d   Thumb Code    20  stm32f10x_tim.o(.text)
    TIM_CtrlPWMOutputs                       0x08002551   Thumb Code    22  stm32f10x_tim.o(.text)
    TIM_ITConfig                             0x08002567   Thumb Code    16  stm32f10x_tim.o(.text)
    TIM_GenerateEvent                        0x08002577   Thumb Code     4  stm32f10x_tim.o(.text)
    TIM_DMAConfig                            0x0800257b   Thumb Code     8  stm32f10x_tim.o(.text)
    TIM_DMACmd                               0x08002583   Thumb Code    16  stm32f10x_tim.o(.text)
    TIM_InternalClockConfig                  0x08002593   Thumb Code    10  stm32f10x_tim.o(.text)
    TIM_SelectInputTrigger                   0x0800259d   Thumb Code    12  stm32f10x_tim.o(.text)
    TIM_ITRxExternalClockConfig              0x080025a9   Thumb Code    18  stm32f10x_tim.o(.text)
    TIM_TIxExternalClockConfig               0x080025bb   Thumb Code    46  stm32f10x_tim.o(.text)
    TIM_ETRConfig                            0x080025e9   Thumb Code    24  stm32f10x_tim.o(.text)
    TIM_ETRClockMode1Config                  0x08002601   Thumb Code    18  stm32f10x_tim.o(.text)
    TIM_ETRClockMode2Config                  0x08002613   Thumb Code    18  stm32f10x_tim.o(.text)
    TIM_PrescalerConfig                      0x08002625   Thumb Code     6  stm32f10x_tim.o(.text)
    TIM_CounterModeConfig                    0x0800262b   Thumb Code    12  stm32f10x_tim.o(.text)
    TIM_EncoderInterfaceConfig               0x08002637   Thumb Code    50  stm32f10x_tim.o(.text)
    TIM_ForcedOC1Config                      0x08002669   Thumb Code    12  stm32f10x_tim.o(.text)
    TIM_ForcedOC2Config                      0x08002675   Thumb Code    20  stm32f10x_tim.o(.text)
    TIM_ForcedOC3Config                      0x08002689   Thumb Code    12  stm32f10x_tim.o(.text)
    TIM_ForcedOC4Config                      0x08002695   Thumb Code    20  stm32f10x_tim.o(.text)
    TIM_ARRPreloadConfig                     0x080026a9   Thumb Code    20  stm32f10x_tim.o(.text)
    TIM_SelectCOM                            0x080026bd   Thumb Code    20  stm32f10x_tim.o(.text)
    TIM_SelectCCDMA                          0x080026d1   Thumb Code    20  stm32f10x_tim.o(.text)
    TIM_CCPreloadControl                     0x080026e5   Thumb Code    20  stm32f10x_tim.o(.text)
    TIM_OC1PreloadConfig                     0x080026f9   Thumb Code    32  stm32f10x_tim.o(.text)
    TIM_OC2PreloadConfig                     0x08002719   Thumb Code    20  stm32f10x_tim.o(.text)
    TIM_OC3PreloadConfig                     0x0800272d   Thumb Code    12  stm32f10x_tim.o(.text)
    TIM_OC4PreloadConfig                     0x08002739   Thumb Code    20  stm32f10x_tim.o(.text)
    TIM_OC1FastConfig                        0x0800274d   Thumb Code    12  stm32f10x_tim.o(.text)
    TIM_OC2FastConfig                        0x08002759   Thumb Code    20  stm32f10x_tim.o(.text)
    TIM_OC3FastConfig                        0x0800276d   Thumb Code    12  stm32f10x_tim.o(.text)
    TIM_OC4FastConfig                        0x08002779   Thumb Code    20  stm32f10x_tim.o(.text)
    TIM_ClearOC1Ref                          0x0800278d   Thumb Code    12  stm32f10x_tim.o(.text)
    TIM_ClearOC2Ref                          0x08002799   Thumb Code    20  stm32f10x_tim.o(.text)
    TIM_ClearOC3Ref                          0x080027ad   Thumb Code    12  stm32f10x_tim.o(.text)
    TIM_ClearOC4Ref                          0x080027b9   Thumb Code    20  stm32f10x_tim.o(.text)
    TIM_OC1PolarityConfig                    0x080027cd   Thumb Code    12  stm32f10x_tim.o(.text)
    TIM_OC1NPolarityConfig                   0x080027d9   Thumb Code    12  stm32f10x_tim.o(.text)
    TIM_OC2PolarityConfig                    0x080027e5   Thumb Code    20  stm32f10x_tim.o(.text)
    TIM_OC2NPolarityConfig                   0x080027f9   Thumb Code    20  stm32f10x_tim.o(.text)
    TIM_OC3PolarityConfig                    0x0800280d   Thumb Code    20  stm32f10x_tim.o(.text)
    TIM_OC3NPolarityConfig                   0x08002821   Thumb Code    20  stm32f10x_tim.o(.text)
    TIM_OC4PolarityConfig                    0x08002835   Thumb Code    20  stm32f10x_tim.o(.text)
    TIM_CCxCmd                               0x08002849   Thumb Code    22  stm32f10x_tim.o(.text)
    TIM_CCxNCmd                              0x0800285f   Thumb Code    22  stm32f10x_tim.o(.text)
    TIM_SelectOCxM                           0x08002875   Thumb Code    70  stm32f10x_tim.o(.text)
    TIM_UpdateDisableConfig                  0x080028bb   Thumb Code    20  stm32f10x_tim.o(.text)
    TIM_UpdateRequestConfig                  0x080028cf   Thumb Code    20  stm32f10x_tim.o(.text)
    TIM_SelectHallSensor                     0x080028e3   Thumb Code    20  stm32f10x_tim.o(.text)
    TIM_SelectOnePulseMode                   0x080028f7   Thumb Code    16  stm32f10x_tim.o(.text)
    TIM_SelectOutputTrigger                  0x08002907   Thumb Code    16  stm32f10x_tim.o(.text)
    TIM_SelectSlaveMode                      0x08002917   Thumb Code    16  stm32f10x_tim.o(.text)
    TIM_SelectMasterSlaveMode                0x08002927   Thumb Code    16  stm32f10x_tim.o(.text)
    TIM_SetCounter                           0x08002937   Thumb Code     4  stm32f10x_tim.o(.text)
    TIM_SetAutoreload                        0x0800293b   Thumb Code     4  stm32f10x_tim.o(.text)
    TIM_SetCompare1                          0x0800293f   Thumb Code     4  stm32f10x_tim.o(.text)
    TIM_SetCompare2                          0x08002943   Thumb Code     4  stm32f10x_tim.o(.text)
    TIM_SetCompare3                          0x08002947   Thumb Code     4  stm32f10x_tim.o(.text)
    TIM_SetCompare4                          0x0800294b   Thumb Code     6  stm32f10x_tim.o(.text)
    TIM_SetClockDivision                     0x08002951   Thumb Code    16  stm32f10x_tim.o(.text)
    TIM_GetCapture1                          0x08002961   Thumb Code     4  stm32f10x_tim.o(.text)
    TIM_GetCapture2                          0x08002965   Thumb Code     4  stm32f10x_tim.o(.text)
    TIM_GetCapture3                          0x08002969   Thumb Code     4  stm32f10x_tim.o(.text)
    TIM_GetCapture4                          0x0800296d   Thumb Code     6  stm32f10x_tim.o(.text)
    TIM_GetCounter                           0x08002973   Thumb Code     4  stm32f10x_tim.o(.text)
    TIM_GetPrescaler                         0x08002977   Thumb Code     4  stm32f10x_tim.o(.text)
    TIM_GetFlagStatus                        0x0800297b   Thumb Code    14  stm32f10x_tim.o(.text)
    TIM_ClearFlag                            0x08002989   Thumb Code     6  stm32f10x_tim.o(.text)
    TIM_GetITStatus                          0x0800298f   Thumb Code    24  stm32f10x_tim.o(.text)
    TIM_ClearITPendingBit                    0x080029a7   Thumb Code     6  stm32f10x_tim.o(.text)
    EXTI_DeInit                              0x080029ad   Thumb Code    28  stm32f10x_exti.o(.text)
    EXTI_Init                                0x080029c9   Thumb Code   108  stm32f10x_exti.o(.text)
    EXTI_StructInit                          0x08002a35   Thumb Code    14  stm32f10x_exti.o(.text)
    EXTI_GenerateSWInterrupt                 0x08002a43   Thumb Code    12  stm32f10x_exti.o(.text)
    EXTI_GetFlagStatus                       0x08002a4f   Thumb Code    18  stm32f10x_exti.o(.text)
    EXTI_ClearFlag                           0x08002a61   Thumb Code     8  stm32f10x_exti.o(.text)
    EXTI_GetITStatus                         0x08002a69   Thumb Code    28  stm32f10x_exti.o(.text)
    EXTI_ClearITPendingBit                   0x08002a85   Thumb Code     8  stm32f10x_exti.o(.text)
    DMA_DeInit                               0x08002a95   Thumb Code   218  stm32f10x_dma.o(.text)
    DMA_Init                                 0x08002b6f   Thumb Code    58  stm32f10x_dma.o(.text)
    DMA_StructInit                           0x08002ba9   Thumb Code    26  stm32f10x_dma.o(.text)
    DMA_Cmd                                  0x08002bc3   Thumb Code    22  stm32f10x_dma.o(.text)
    DMA_ITConfig                             0x08002bd9   Thumb Code    16  stm32f10x_dma.o(.text)
    DMA_SetCurrDataCounter                   0x08002be9   Thumb Code     4  stm32f10x_dma.o(.text)
    DMA_GetCurrDataCounter                   0x08002bed   Thumb Code     6  stm32f10x_dma.o(.text)
    DMA_GetFlagStatus                        0x08002bf3   Thumb Code    28  stm32f10x_dma.o(.text)
    DMA_ClearFlag                            0x08002c0f   Thumb Code    20  stm32f10x_dma.o(.text)
    DMA_GetITStatus                          0x08002c23   Thumb Code    28  stm32f10x_dma.o(.text)
    DMA_ClearITPendingBit                    0x08002c3f   Thumb Code    20  stm32f10x_dma.o(.text)
    InitGraph                                0x08002c5d   Thumb Code     4  oled_basic.o(.text)
    ClearScreen                              0x08002c61   Thumb Code     6  oled_basic.o(.text)
    UpdateScreen                             0x08002c67   Thumb Code     4  oled_basic.o(.text)
    FillByte                                 0x08002c6b   Thumb Code    48  oled_basic.o(.text)
    FillRect                                 0x08002c9b   Thumb Code   184  oled_basic.o(.text)
    FillVerticalLine                         0x08002d53   Thumb Code   142  oled_basic.o(.text)
    mySqrt                                   0x08002de1   Thumb Code    32  oled_basic.o(.text)
    sqrt_16                                  0x08002e01   Thumb Code    54  oled_basic.o(.text)
    SetAngle                                 0x08002f01   Thumb Code    46  oled_basic.o(.text)
    SetAnggleDir                             0x08002f2f   Thumb Code     8  oled_basic.o(.text)
    SetRotateCenter                          0x08002f37   Thumb Code    10  oled_basic.o(.text)
    SetRotateValue                           0x08002f41   Thumb Code    22  oled_basic.o(.text)
    GetRotateXY                              0x08002f57   Thumb Code    50  oled_basic.o(.text)
    FloodFill                                0x08002f89   Thumb Code    96  oled_basic.o(.text)
    GetLengthUp                              0x08002fe9   Thumb Code    40  oled_basic.o(.text)
    GetLengthDown                            0x08003011   Thumb Code    42  oled_basic.o(.text)
    FloodFill2                               0x0800303b   Thumb Code   134  oled_basic.o(.text)
    pgm_read_byte                            0x080030c1   Thumb Code     4  oled_basic.o(.text)
    oled_pow                                 0x080030c5   Thumb Code    16  oled_basic.o(.text)
    FrameRateUpdateScreen                    0x080030d5   Thumb Code    38  oled_basic.o(.text)
    WaitTimeMs                               0x080030fb   Thumb Code    10  oled_basic.o(.text)
    UpdateScreenPiece                        0x08003105   Thumb Code     2  oled_basic.o(.text)
    SetTempBuffer                            0x08003121   Thumb Code     8  oled_buffer.o(.text)
    SetScreenBuffer                          0x08003129   Thumb Code     8  oled_buffer.o(.text)
    GetSelectedBuffer                        0x08003131   Thumb Code     6  oled_buffer.o(.text)
    ReadByteBuffer                           0x08003137   Thumb Code    20  oled_buffer.o(.text)
    WriteByteBuffer                          0x0800314b   Thumb Code    20  oled_buffer.o(.text)
    SetPointBuffer                           0x0800315f   Thumb Code    68  oled_buffer.o(.text)
    GetPointBuffer                           0x080031a3   Thumb Code    54  oled_buffer.o(.text)
    UpdateScreenDisplay                      0x080031d9   Thumb Code     4  oled_buffer.o(.text)
    ClearScreenBuffer                        0x080031dd   Thumb Code    12  oled_buffer.o(.text)
    ClearTempBuffer                          0x080031e9   Thumb Code    10  oled_buffer.o(.text)
    TempBufferFunc                           0x080031f3   Thumb Code   108  oled_buffer.o(.text)
    SetDrawColor                             0x0800326d   Thumb Code     6  oled_color.o(.text)
    GetDrawColor                             0x08003273   Thumb Code     6  oled_color.o(.text)
    SetFillcolor                             0x08003279   Thumb Code     6  oled_color.o(.text)
    GetFillColor                             0x0800327f   Thumb Code     6  oled_color.o(.text)
    DriverInit                               0x08003289   Thumb Code    14  oled_config.o(.text)
    UpdateScreenBuffer                       0x08003297   Thumb Code     6  oled_config.o(.text)
    UpdateTempBuffer                         0x0800329d   Thumb Code     6  oled_config.o(.text)
    OledTimeMsFunc                           0x080032a3   Thumb Code    14  oled_config.o(.text)
    DrawPixel                                0x080032bd   Thumb Code    24  oled_draw.o(.text)
    GetPixel                                 0x080032d5   Thumb Code    14  oled_draw.o(.text)
    MoveTo                                   0x080032e3   Thumb Code     8  oled_draw.o(.text)
    GetXY                                    0x080032eb   Thumb Code    12  oled_draw.o(.text)
    GetX                                     0x080032f7   Thumb Code     6  oled_draw.o(.text)
    GetY                                     0x080032fd   Thumb Code     6  oled_draw.o(.text)
    DrawLine                                 0x08003303   Thumb Code   164  oled_draw.o(.text)
    LineTo                                   0x080033a7   Thumb Code    26  oled_draw.o(.text)
    DrawFastHLine                            0x080033c1   Thumb Code    54  oled_draw.o(.text)
    DrawFastVLine                            0x080033f7   Thumb Code    52  oled_draw.o(.text)
    DrawPolyLineTo                           0x0800342b   Thumb Code    40  oled_draw.o(.text)
    DrawRect1                                0x08003453   Thumb Code    56  oled_draw.o(.text)
    DrawFillRect1                            0x0800348b   Thumb Code    36  oled_draw.o(.text)
    DrawRect2                                0x080034af   Thumb Code    60  oled_draw.o(.text)
    DrawFillRect2                            0x080034eb   Thumb Code    32  oled_draw.o(.text)
    DrawCircle                               0x0800350b   Thumb Code   196  oled_draw.o(.text)
    DrawFillCircleHelper                     0x080035cf   Thumb Code   148  oled_draw.o(.text)
    DrawFillCircle                           0x08003663   Thumb Code    42  oled_draw.o(.text)
    DrawCircleHelper                         0x0800368d   Thumb Code   176  oled_draw.o(.text)
    DrawArc                                  0x0800373d   Thumb Code   164  oled_draw.o(.text)
    DrawFillArc                              0x080037e1   Thumb Code     2  oled_draw.o(.text)
    DrawRoundRect                            0x080037e3   Thumb Code   142  oled_draw.o(.text)
    DrawfillRoundRect                        0x08003871   Thumb Code    74  oled_draw.o(.text)
    DrawEllipse                              0x080038bb   Thumb Code   466  oled_draw.o(.text)
    DrawFillEllipse                          0x08003a8d   Thumb Code   320  oled_draw.o(.text)
    DrawEllipseRect                          0x08003bcd   Thumb Code   220  oled_draw.o(.text)
    DrawTriangle                             0x08003ca9   Thumb Code    48  oled_draw.o(.text)
    DrawFillTriangle                         0x08003cd9   Thumb Code   350  oled_draw.o(.text)
    DrawBitmap                               0x08003e37   Thumb Code   420  oled_draw.o(.text)
    DrawSlowBitmap                           0x08003fdb   Thumb Code   112  oled_draw.o(.text)
    DrawChar                                 0x0800404b   Thumb Code   200  oled_draw.o(.text)
    DrawString                               0x08004113   Thumb Code    72  oled_draw.o(.text)
    DrawNum                                  0x0800415b   Thumb Code   110  oled_draw.o(.text)
    DrawFps                                  0x080041c9   Thumb Code     2  oled_draw.o(.text)
    SW_SPI_Configuration                     0x080041d1   Thumb Code   122  oled_driver.o(.text)
    WriteCmd                                 0x0800424b   Thumb Code    96  oled_driver.o(.text)
    WriteDat                                 0x080042ab   Thumb Code    96  oled_driver.o(.text)
    OLED_FILL                                0x0800430b   Thumb Code    56  oled_driver.o(.text)
    OLED_CLS                                 0x08004343   Thumb Code    52  oled_driver.o(.text)
    OLED_Init                                0x08004377   Thumb Code   176  oled_driver.o(.text)
    OLED_ON                                  0x08004427   Thumb Code    22  oled_driver.o(.text)
    OLED_OFF                                 0x0800443d   Thumb Code    22  oled_driver.o(.text)
    SetTextBkMode                            0x0800445d   Thumb Code     6  oled_font.o(.text)
    GetTextBkMode                            0x08004463   Thumb Code     6  oled_font.o(.text)
    SetFontSize                              0x08004469   Thumb Code    10  oled_font.o(.text)
    GetFontSize                              0x08004473   Thumb Code     6  oled_font.o(.text)
    my_atof                                  0x0800447d   Thumb Code   152  func.o(.text)
    show_data                                0x08004515   Thumb Code   304  func.o(.text)
    set_motor_speed                          0x08004645   Thumb Code   412  func.o(.text)
    set_openmv_num                           0x080047e1   Thumb Code   446  func.o(.text)
    hopper                                   0x0800499f   Thumb Code    20  func.o(.text)
    set_font                                 0x080049b3   Thumb Code   280  func.o(.text)
    author                                   0x08004acb   Thumb Code   154  func.o(.text)
    gui_printf_chosechar                     0x08004c19   Thumb Code   164  gui.o(.text)
    gui_printf_chosestring                   0x08004cbd   Thumb Code    72  gui.o(.text)
    gui_print_s                              0x08004d05   Thumb Code    70  gui.o(.text)
    gui_print_d                              0x08004d4b   Thumb Code     4  gui.o(.text)
    gui_print_f                              0x08004d4f   Thumb Code    40  gui.o(.text)
    aera_blank                               0x08004d85   Thumb Code     4  menu.o(.text)
    empty                                    0x08004d89   Thumb Code     2  menu.o(.text)
    menu_param_init                          0x08004d8b   Thumb Code    54  menu.o(.text)
    set_items_amount                         0x08004dc1   Thumb Code     8  menu.o(.text)
    set_max_deep                             0x08004dc9   Thumb Code    60  menu.o(.text)
    set_level_items_amount                   0x08004e05   Thumb Code   120  menu.o(.text)
    menuback                                 0x08004e7d   Thumb Code   130  menu.o(.text)
    menuforward                              0x08004eff   Thumb Code    98  menu.o(.text)
    menudown                                 0x08004f61   Thumb Code    74  menu.o(.text)
    menuup                                   0x08004fab   Thumb Code    72  menu.o(.text)
    showmenu                                 0x08004ff3   Thumb Code   216  menu.o(.text)
    exefunckeck                              0x080050cb   Thumb Code    42  menu.o(.text)
    menuinit                                 0x080050f5   Thumb Code    34  menu.o(.text)
    chosemenu                                0x08005117   Thumb Code    30  menu.o(.text)
    change_level                             0x08005135   Thumb Code    30  menu.o(.text)
    millis_get                               0x0800516d   Thumb Code     6  millis.o(.text)
    time_check                               0x08005173   Thumb Code    50  millis.o(.text)
    Init_2100_8700                           0x080051b1   Thumb Code    96  lqax.o(.text)
    Read_Dat                                 0x08005211   Thumb Code    44  lqax.o(.text)
    Get_Ang                                  0x0800523d   Thumb Code    44  lqax.o(.text)
    Ang_measure                              0x08005269   Thumb Code    24  lqax.o(.text)
    Get_Ang_vel                              0x08005281   Thumb Code    56  lqax.o(.text)
    Get_Po_Ang                               0x080052b9   Thumb Code    98  lqax.o(.text)
    softiic_delay                            0x08005335   Thumb Code     6  softiic.o(.text)
    IMU2_IIC_Init                            0x0800533b   Thumb Code    40  softiic.o(.text)
    IIC2_start                               0x08005363   Thumb Code    46  softiic.o(.text)
    IIC2_stop                                0x08005391   Thumb Code    50  softiic.o(.text)
    Write_IIC2_Byte                          0x080053c3   Thumb Code    94  softiic.o(.text)
    IIC2_read_byte                           0x08005421   Thumb Code   110  softiic.o(.text)
    IMU2_WriteRegister                       0x0800548f   Thumb Code    38  softiic.o(.text)
    IMU2_ReadRegister                        0x080054b5   Thumb Code    54  softiic.o(.text)
    motor_control                            0x080054f5   Thumb Code   186  controller.o(.text)
    limt                                     0x080055af   Thumb Code    38  controller.o(.text)
    read_num                                 0x080055d5   Thumb Code    38  controller.o(.text)
    shizi_deal_L_R                           0x080055fb   Thumb Code    32  controller.o(.text)
    track_deal                               0x0800561b   Thumb Code   896  controller.o(.text)
    track_deal2                              0x0800599b   Thumb Code   338  controller.o(.text)
    motor_speed                              0x08005aed   Thumb Code   120  controller.o(.text)
    _controller_output                       0x08005b65   Thumb Code     2  controller.o(.text)
    pid_init                                 0x08005ba9   Thumb Code    34  pid.o(.text)
    all_pid_init                             0x08005bcb   Thumb Code    32  pid.o(.text)
    pid_controller                           0x08005beb   Thumb Code   150  pid.o(.text)
    clear_integral                           0x08005c81   Thumb Code     6  pid.o(.text)
    Usart2_Init                              0x08005c91   Thumb Code   176  usart2.o(.text)
    usart2_config                            0x08005d41   Thumb Code   168  usart2.o(.text)
    usart2_DMA_config                        0x08005de9   Thumb Code    60  usart2.o(.text)
    usart2_DMA_enable                        0x08005e25   Thumb Code    44  usart2.o(.text)
    USART2_IRQHandler                        0x08005e51   Thumb Code    42  usart2.o(.text)
    u2_printf                                0x08005e7b   Thumb Code    60  usart2.o(.text)
    u2_TxData                                0x08005eb7   Thumb Code    38  usart2.o(.text)
    __use_no_semihosting                     0x08005ef5   Thumb Code     2  use_no_semi_2.o(.text)
    vsprintf                                 0x08005ef9   Thumb Code    32  vsprintf.o(.text)
    __2sprintf                               0x08005f1d   Thumb Code    38  __2sprintf.o(.text)
    __printf                                 0x08005f49   Thumb Code   388  __printf_flags_ss_wp.o(.text)
    strlen                                   0x080060d1   Thumb Code    62  strlen.o(.text)
    strcat                                   0x0800610f   Thumb Code    24  strcat.o(.text)
    __aeabi_memcpy                           0x08006127   Thumb Code     0  rt_memcpy_v6.o(.text)
    __rt_memcpy                              0x08006127   Thumb Code   138  rt_memcpy_v6.o(.text)
    _memcpy_lastbytes                        0x0800618d   Thumb Code     0  rt_memcpy_v6.o(.text)
    __aeabi_memset                           0x080061b1   Thumb Code    16  aeabi_memset.o(.text)
    __aeabi_memclr                           0x080061c1   Thumb Code     0  rt_memclr.o(.text)
    __rt_memclr                              0x080061c1   Thumb Code    68  rt_memclr.o(.text)
    _memset                                  0x080061c5   Thumb Code     0  rt_memclr.o(.text)
    __aeabi_memclr4                          0x08006205   Thumb Code     0  rt_memclr_w.o(.text)
    __aeabi_memclr8                          0x08006205   Thumb Code     0  rt_memclr_w.o(.text)
    __rt_memclr_w                            0x08006205   Thumb Code    78  rt_memclr_w.o(.text)
    _memset_w                                0x08006209   Thumb Code     0  rt_memclr_w.o(.text)
    __use_two_region_memory                  0x08006253   Thumb Code     2  heapauxi.o(.text)
    __rt_heap_escrow$2region                 0x08006255   Thumb Code     2  heapauxi.o(.text)
    __rt_heap_expand$2region                 0x08006257   Thumb Code     2  heapauxi.o(.text)
    __I$use$semihosting                      0x08006259   Thumb Code     0  use_no_semi.o(.text)
    __use_no_semihosting_swi                 0x08006259   Thumb Code     2  use_no_semi.o(.text)
    __read_errno                             0x0800625b   Thumb Code    10  _rserrno.o(.text)
    __set_errno                              0x08006265   Thumb Code    12  _rserrno.o(.text)
    _printf_pre_padding                      0x08006271   Thumb Code    44  _printf_pad.o(.text)
    _printf_post_padding                     0x0800629d   Thumb Code    34  _printf_pad.o(.text)
    _printf_truncate_signed                  0x080062bf   Thumb Code    18  _printf_truncate.o(.text)
    _printf_truncate_unsigned                0x080062d1   Thumb Code    18  _printf_truncate.o(.text)
    _printf_str                              0x080062e3   Thumb Code    82  _printf_str.o(.text)
    _printf_int_dec                          0x08006335   Thumb Code   104  _printf_dec.o(.text)
    _printf_charcount                        0x080063ad   Thumb Code    40  _printf_charcount.o(.text)
    __lib_sel_fp_printf                      0x080063d5   Thumb Code     2  _printf_fp_dec.o(.text)
    _printf_fp_dec_real                      0x08006587   Thumb Code   620  _printf_fp_dec.o(.text)
    _printf_char_common                      0x080067ff   Thumb Code    32  _printf_char_common.o(.text)
    _sputc                                   0x08006825   Thumb Code    10  _sputc.o(.text)
    _printf_wctomb                           0x08006831   Thumb Code   182  _printf_wctomb.o(.text)
    _printf_longlong_dec                     0x080068ed   Thumb Code   108  _printf_longlong_dec.o(.text)
    _printf_longlong_oct                     0x08006969   Thumb Code    66  _printf_oct_int_ll.o(.text)
    _printf_int_oct                          0x080069ab   Thumb Code    24  _printf_oct_int_ll.o(.text)
    _printf_ll_oct                           0x080069c3   Thumb Code    12  _printf_oct_int_ll.o(.text)
    _printf_longlong_hex                     0x080069d9   Thumb Code    86  _printf_hex_int_ll_ptr.o(.text)
    _printf_int_hex                          0x08006a2f   Thumb Code    28  _printf_hex_int_ll_ptr.o(.text)
    _printf_ll_hex                           0x08006a4b   Thumb Code    12  _printf_hex_int_ll_ptr.o(.text)
    _printf_hex_ptr                          0x08006a57   Thumb Code    18  _printf_hex_int_ll_ptr.o(.text)
    __aeabi_memcpy4                          0x08006a6d   Thumb Code     0  rt_memcpy_w.o(.text)
    __aeabi_memcpy8                          0x08006a6d   Thumb Code     0  rt_memcpy_w.o(.text)
    __rt_memcpy_w                            0x08006a6d   Thumb Code   100  rt_memcpy_w.o(.text)
    _memcpy_lastbytes_aligned                0x08006ab5   Thumb Code     0  rt_memcpy_w.o(.text)
    __rt_locale                              0x08006ad1   Thumb Code     8  rt_locale_intlibspace.o(.text)
    __aeabi_errno_addr                       0x08006ad9   Thumb Code     8  rt_errno_addr_intlibspace.o(.text)
    __errno$intlibspace                      0x08006ad9   Thumb Code     0  rt_errno_addr_intlibspace.o(.text)
    __rt_errno_addr$intlibspace              0x08006ad9   Thumb Code     0  rt_errno_addr_intlibspace.o(.text)
    _ll_udiv10                               0x08006ae1   Thumb Code   138  lludiv10.o(.text)
    _printf_int_common                       0x08006b6b   Thumb Code   178  _printf_intcommon.o(.text)
    _printf_fp_hex_real                      0x08006c1d   Thumb Code   756  _printf_fp_hex.o(.text)
    _printf_fp_infnan                        0x08006f19   Thumb Code   112  _printf_fp_infnan.o(.text)
    _printf_cs_common                        0x08006f99   Thumb Code    20  _printf_char.o(.text)
    _printf_char                             0x08006fad   Thumb Code    16  _printf_char.o(.text)
    _printf_string                           0x08006fbd   Thumb Code     8  _printf_char.o(.text)
    _printf_lcs_common                       0x08006fc5   Thumb Code    20  _printf_wchar.o(.text)
    _printf_wchar                            0x08006fd9   Thumb Code    16  _printf_wchar.o(.text)
    _printf_wstring                          0x08006fe9   Thumb Code     8  _printf_wchar.o(.text)
    _btod_etento                             0x08006ff1   Thumb Code   224  bigflt0.o(.text)
    _wcrtomb                                 0x080070d5   Thumb Code    64  _wcrtomb.o(.text)
    __user_libspace                          0x08007115   Thumb Code     8  libspace.o(.text)
    __user_perproc_libspace                  0x08007115   Thumb Code     0  libspace.o(.text)
    __user_perthread_libspace                0x08007115   Thumb Code     0  libspace.o(.text)
    __user_setup_stackheap                   0x0800711d   Thumb Code    74  sys_stackheap_outer.o(.text)
    __rt_ctype_table                         0x08007169   Thumb Code    16  rt_ctype_table.o(.text)
    exit                                     0x08007179   Thumb Code    18  exit.o(.text)
    strcmp                                   0x0800718d   Thumb Code   128  strcmpv7m.o(.text)
    _btod_d2e                                0x0800720d   Thumb Code    62  btod.o(CL$$btod_d2e)
    _d2e_denorm_low                          0x0800724b   Thumb Code    70  btod.o(CL$$btod_d2e_denorm_low)
    _d2e_norm_op1                            0x08007291   Thumb Code    96  btod.o(CL$$btod_d2e_norm_op1)
    __btod_div_common                        0x080072f1   Thumb Code   696  btod.o(CL$$btod_div_common)
    _e2e                                     0x08007629   Thumb Code   220  btod.o(CL$$btod_e2e)
    _btod_ediv                               0x08007705   Thumb Code    42  btod.o(CL$$btod_ediv)
    _btod_emul                               0x0800772f   Thumb Code    42  btod.o(CL$$btod_emul)
    __btod_mult_common                       0x08007759   Thumb Code   580  btod.o(CL$$btod_mult_common)
    __ARM_fpclassify                         0x0800799d   Thumb Code    40  fpclassify.o(i.__ARM_fpclassify)
    __ieee754_rem_pio2                       0x080079c5   Thumb Code   828  rred.o(i.__ieee754_rem_pio2)
    __kernel_cos                             0x08007d4d   Thumb Code   230  cos_i.o(i.__kernel_cos)
    __kernel_poly                            0x08007e49   Thumb Code   170  poly.o(i.__kernel_poly)
    __kernel_sin                             0x08007ef5   Thumb Code   224  sin_i.o(i.__kernel_sin)
    __mathlib_dbl_infnan                     0x08007fe1   Thumb Code     6  dunder.o(i.__mathlib_dbl_infnan)
    __mathlib_dbl_infnan2                    0x08007fe7   Thumb Code     4  dunder.o(i.__mathlib_dbl_infnan2)
    __mathlib_dbl_invalid                    0x08007feb   Thumb Code    12  dunder.o(i.__mathlib_dbl_invalid)
    __mathlib_dbl_underflow                  0x08007ff9   Thumb Code    10  dunder.o(i.__mathlib_dbl_underflow)
    _is_digit                                0x08008009   Thumb Code    14  __printf_wp.o(i._is_digit)
    atan                                     0x08008019   Thumb Code   474  atan.o(i.atan)
    atan2                                    0x08008239   Thumb Code   346  atan2.o(i.atan2)
    cos                                      0x080083b9   Thumb Code   148  cos.o(i.cos)
    sin                                      0x08008455   Thumb Code   150  sin.o(i.sin)
    _get_lc_numeric                          0x080084f5   Thumb Code    44  lc_numeric_c.o(locale$$code)
    _get_lc_ctype                            0x08008521   Thumb Code    44  lc_ctype_c.o(locale$$code)
    __aeabi_d2f                              0x0800854d   Thumb Code     0  d2f.o(x$fpl$d2f)
    _d2f                                     0x0800854d   Thumb Code    98  d2f.o(x$fpl$d2f)
    __aeabi_dadd                             0x080085b1   Thumb Code     0  daddsub_clz.o(x$fpl$dadd)
    _dadd                                    0x080085b1   Thumb Code   332  daddsub_clz.o(x$fpl$dadd)
    __fpl_dcheck_NaN1                        0x08008701   Thumb Code    10  dcheck1.o(x$fpl$dcheck1)
    __aeabi_ddiv                             0x08008711   Thumb Code     0  ddiv.o(x$fpl$ddiv)
    _ddiv                                    0x08008711   Thumb Code   552  ddiv.o(x$fpl$ddiv)
    __aeabi_d2iz                             0x080089c1   Thumb Code     0  dfix.o(x$fpl$dfix)
    _dfix                                    0x080089c1   Thumb Code    94  dfix.o(x$fpl$dfix)
    __aeabi_i2d                              0x08008a1f   Thumb Code     0  dflt_clz.o(x$fpl$dflt)
    _dflt                                    0x08008a1f   Thumb Code    46  dflt_clz.o(x$fpl$dflt)
    __aeabi_ui2d                             0x08008a4d   Thumb Code     0  dflt_clz.o(x$fpl$dfltu)
    _dfltu                                   0x08008a4d   Thumb Code    38  dflt_clz.o(x$fpl$dfltu)
    __aeabi_dmul                             0x08008a75   Thumb Code     0  dmul.o(x$fpl$dmul)
    _dmul                                    0x08008a75   Thumb Code   332  dmul.o(x$fpl$dmul)
    __fpl_dnaninf                            0x08008bc9   Thumb Code   156  dnaninf.o(x$fpl$dnaninf)
    __fpl_dretinf                            0x08008c65   Thumb Code    12  dretinf.o(x$fpl$dretinf)
    __aeabi_drsub                            0x08008c71   Thumb Code     0  daddsub_clz.o(x$fpl$drsb)
    _drsb                                    0x08008c71   Thumb Code    22  daddsub_clz.o(x$fpl$drsb)
    __aeabi_dsub                             0x08008c89   Thumb Code     0  daddsub_clz.o(x$fpl$dsub)
    _dsub                                    0x08008c89   Thumb Code   464  daddsub_clz.o(x$fpl$dsub)
    __aeabi_f2d                              0x08008e5d   Thumb Code     0  f2d.o(x$fpl$f2d)
    _f2d                                     0x08008e5d   Thumb Code    86  f2d.o(x$fpl$f2d)
    __aeabi_fadd                             0x08008eb5   Thumb Code     0  faddsub_clz.o(x$fpl$fadd)
    _fadd                                    0x08008eb5   Thumb Code   196  faddsub_clz.o(x$fpl$fadd)
    __fpl_fcheck_NaN1                        0x08008f79   Thumb Code     6  fcheck1.o(x$fpl$fcheck1)
    __fpl_fcmp_Inf                           0x08008f85   Thumb Code    24  fcmpi.o(x$fpl$fcmpinf)
    __aeabi_fdiv                             0x08008f9d   Thumb Code     0  fdiv.o(x$fpl$fdiv)
    _fdiv                                    0x08008f9d   Thumb Code   384  fdiv.o(x$fpl$fdiv)
    __aeabi_f2iz                             0x08009121   Thumb Code     0  ffix.o(x$fpl$ffix)
    _ffix                                    0x08009121   Thumb Code    54  ffix.o(x$fpl$ffix)
    __aeabi_f2uiz                            0x08009159   Thumb Code     0  ffixu.o(x$fpl$ffixu)
    _ffixu                                   0x08009159   Thumb Code    62  ffixu.o(x$fpl$ffixu)
    __aeabi_i2f                              0x08009199   Thumb Code     0  fflt_clz.o(x$fpl$fflt)
    _fflt                                    0x08009199   Thumb Code    48  fflt_clz.o(x$fpl$fflt)
    __aeabi_ui2f                             0x080091c9   Thumb Code     0  fflt_clz.o(x$fpl$ffltu)
    _ffltu                                   0x080091c9   Thumb Code    38  fflt_clz.o(x$fpl$ffltu)
    __aeabi_cfcmple                          0x080091f1   Thumb Code     0  fleqf.o(x$fpl$fleqf)
    _fcmple                                  0x080091f1   Thumb Code   104  fleqf.o(x$fpl$fleqf)
    __fpl_fcmple_InfNaN                      0x08009243   Thumb Code     0  fleqf.o(x$fpl$fleqf)
    __aeabi_fmul                             0x08009259   Thumb Code     0  fmul.o(x$fpl$fmul)
    _fmul                                    0x08009259   Thumb Code   258  fmul.o(x$fpl$fmul)
    __fpl_fnaninf                            0x0800935b   Thumb Code   140  fnaninf.o(x$fpl$fnaninf)
    __fpl_fretinf                            0x080093e7   Thumb Code    10  fretinf.o(x$fpl$fretinf)
    __aeabi_cfrcmple                         0x080093f1   Thumb Code     0  frleqf.o(x$fpl$frleqf)
    _frcmple                                 0x080093f1   Thumb Code    98  frleqf.o(x$fpl$frleqf)
    __aeabi_frsub                            0x08009453   Thumb Code     0  faddsub_clz.o(x$fpl$frsb)
    _frsb                                    0x08009453   Thumb Code    20  faddsub_clz.o(x$fpl$frsb)
    __aeabi_fsub                             0x08009469   Thumb Code     0  faddsub_clz.o(x$fpl$fsub)
    _fsub                                    0x08009469   Thumb Code   234  faddsub_clz.o(x$fpl$fsub)
    _printf_fp_dec                           0x08009553   Thumb Code     4  printf1.o(x$fpl$printf1)
    _printf_fp_hex                           0x08009557   Thumb Code     4  printf2.o(x$fpl$printf2)
    __fpl_return_NaN                         0x0800955b   Thumb Code   100  retnan.o(x$fpl$retnan)
    __ARM_scalbn                             0x080095bf   Thumb Code    92  scalbn.o(x$fpl$scalbn)
    __ARM_scalbnf                            0x0800961b   Thumb Code    76  scalbnf.o(x$fpl$scalbnf)
    __fpl_cmpreturn                          0x08009667   Thumb Code    48  trapv.o(x$fpl$trapveneer)
    __I$use$fp                               0x08009696   Number         0  usenofp.o(x$fpl$usenofp)
    keycodemap                               0x08009696   Data          16  key.o(.constdata)
    font5x7                                  0x080096a6   Data        1280  oled_font.o(.constdata)
    controller_parameter                     0x08009ba8   Data          60  pid.o(.constdata)
    __mathlib_zero                           0x08009cf0   Data           8  qnan.o(.constdata)
    Region$$Table$$Base                      0x08009f54   Number         0  anon$$obj.o(Region$$Table)
    Region$$Table$$Limit                     0x08009f74   Number         0  anon$$obj.o(Region$$Table)
    __ctype                                  0x08009f9d   Data           0  lc_ctype_c.o(locale$$data)
    start_flag                               0x20000000   Data           1  main.o(.data)
    get_num_flag                             0x20000001   Data           1  main.o(.data)
    num                                      0x20000002   Data           1  main.o(.data)
    pin_backup                               0x20000003   Data           1  main.o(.data)
    dir_buf                                  0x20000004   Data           5  main.o(.data)
    track_12_flag                            0x20000009   Data           1  main.o(.data)
    return_flag                              0x2000000a   Data           1  main.o(.data)
    SystemCoreClock                          0x2000000c   Data           4  system_stm32f10x.o(.data)
    AHBPrescTable                            0x20000010   Data          16  system_stm32f10x.o(.data)
    if_use_ch455                             0x20000020   Data           1  key.o(.data)
    SHIFT_ON                                 0x20000021   Data           1  key.o(.data)
    key_infor                                0x20000026   Data           3  key.o(.data)
    keysta                                   0x20000030   Data          16  key.o(.data)
    yaw                                      0x20000040   Data           4  timer.o(.data)
    Encoder_L                                0x20000044   Data           4  encoder.o(.data)
    Encoder_R                                0x20000048   Data           4  encoder.o(.data)
    USART_RX_STA                             0x20000050   Data           2  usart.o(.data)
    _RoateValue                              0x20000070   Data          16  oled_basic.o(.data)
    OledTimeMs                               0x20000084   Data           4  oled_config.o(.data)
    _pointx                                  0x20000088   Data           4  oled_draw.o(.data)
    _pointy                                  0x2000008c   Data           4  oled_draw.o(.data)
    _FontSize                                0x20000091   Data           1  oled_font.o(.data)
    paraming                                 0x20000092   Data           1  func.o(.data)
    menu_items                               0x20000094   Data         144  menu.o(.data)
    running_tim_cnt                          0x20000124   Data           4  millis.o(.data)
    milliseconds                             0x20000128   Data           4  millis.o(.data)
    ang_gyro                                 0x2000012c   Data           4  lqax.o(.data)
    gyro_time                                0x20000130   Data           4  lqax.o(.data)
    ang_vel_x_zero                           0x20000134   Data           4  lqax.o(.data)
    ang_vel_y_zero                           0x20000138   Data           4  lqax.o(.data)
    ang_vel_z_zero                           0x2000013c   Data           4  lqax.o(.data)
    shizi_flag                               0x20000140   Data           1  controller.o(.data)
    cnt                                      0x20000141   Data           1  controller.o(.data)
    stop_flag                                0x20000142   Data           1  controller.o(.data)
    turn_flag                                0x20000143   Data           1  controller.o(.data)
    back_flag                                0x20000144   Data           1  controller.o(.data)
    num_get_flag                             0x20000145   Data           1  controller.o(.data)
    stop_deal_flag                           0x20000146   Data           1  controller.o(.data)
    car1_ok                                  0x20000147   Data           1  controller.o(.data)
    ooook_flag                               0x20000148   Data           1  controller.o(.data)
    yaw_keep                                 0x2000014a   Data           1  controller.o(.data)
    X                                        0x2000015c   Data           2  controller.o(.data)
    W                                        0x2000015e   Data           2  controller.o(.data)
    Motor1                                   0x20000160   Data           4  controller.o(.data)
    Motor2                                   0x20000164   Data           4  controller.o(.data)
    car_speed                                0x20000168   Data           4  controller.o(.data)
    set_speed                                0x2000016c   Data           4  controller.o(.data)
    track_err                                0x20000170   Data           4  controller.o(.data)
    actual_value                             0x20000174   Data           4  controller.o(.data)
    yaw_last                                 0x20000178   Data           4  controller.o(.data)
    deal_buff                                0x2000017c   Data          13  controller.o(.data)
    usart2IdleItFlag                         0x20000189   Data           1  usart2.o(.data)
    bufRemainByte                            0x2000018a   Data           1  usart2.o(.data)
    USART_RX_BUF                             0x2000018c   Data         200  usart.o(.bss)
    ScreenBuffer                             0x20000254   Data        1024  oled_buffer.o(.bss)
    TempBuffer                               0x20000654   Data        1024  oled_buffer.o(.bss)
    menu                                     0x20000a54   Data          52  menu.o(.bss)
    current_level_branchs                    0x20000a88   Data          32  menu.o(.bss)
    motorL                                   0x20000aa8   Data          44  pid.o(.bss)
    motorR                                   0x20000ad4   Data          44  pid.o(.bss)
    turn                                     0x20000b00   Data          44  pid.o(.bss)
    rxbuf                                    0x20000b2c   Data          50  usart2.o(.bss)
    USART2_TxBuff                            0x20000b60   Data        1024  usart2.o(.bss)
    __libspace_start                         0x20000f60   Data          96  libspace.o(.bss)
    __temporary_stack_top$libspace           0x20000fc0   Data           0  libspace.o(.bss)



==============================================================================

Memory Map of the image

  Image Entry point : 0x080000ed

  Load Region LR_IROM1 (Base: 0x08000000, Size: 0x0000a22c, Max: 0x00010000, ABSOLUTE, COMPRESSED[0x0000a130])

    Execution Region ER_IROM1 (Exec base: 0x08000000, Load base: 0x08000000, Size: 0x0000a0a0, Max: 0x00010000, ABSOLUTE)

    Exec Addr    Load Addr    Size         Type   Attr      Idx    E Section Name        Object

    0x08000000   0x08000000   0x000000ec   Data   RO          584    RESET               startup_stm32f10x_md.o
    0x080000ec   0x080000ec   0x00000008   Code   RO         1219  * !!!main             c_w.l(__main.o)
    0x080000f4   0x080000f4   0x00000034   Code   RO         1668    !!!scatter          c_w.l(__scatter.o)
    0x08000128   0x08000128   0x0000005a   Code   RO         1666    !!dczerorl2         c_w.l(__dczerorl2.o)
    0x08000182   0x08000182   0x00000002   PAD
    0x08000184   0x08000184   0x0000001c   Code   RO         1670    !!handler_zi        c_w.l(__scatter_zi.o)
    0x080001a0   0x080001a0   0x00000000   Code   RO         1199    .ARM.Collect$$_printf_percent$$00000000  c_w.l(_printf_percent.o)
    0x080001a0   0x080001a0   0x00000006   Code   RO         1362    .ARM.Collect$$_printf_percent$$00000001  c_w.l(_printf_n.o)
    0x080001a6   0x080001a6   0x00000006   Code   RO         1364    .ARM.Collect$$_printf_percent$$00000002  c_w.l(_printf_p.o)
    0x080001ac   0x080001ac   0x00000006   Code   RO         1198    .ARM.Collect$$_printf_percent$$00000003  c_w.l(_printf_f.o)
    0x080001b2   0x080001b2   0x00000006   Code   RO         1369    .ARM.Collect$$_printf_percent$$00000004  c_w.l(_printf_e.o)
    0x080001b8   0x080001b8   0x00000006   Code   RO         1370    .ARM.Collect$$_printf_percent$$00000005  c_w.l(_printf_g.o)
    0x080001be   0x080001be   0x00000006   Code   RO         1371    .ARM.Collect$$_printf_percent$$00000006  c_w.l(_printf_a.o)
    0x080001c4   0x080001c4   0x0000000a   Code   RO         1376    .ARM.Collect$$_printf_percent$$00000007  c_w.l(_printf_ll.o)
    0x080001ce   0x080001ce   0x00000006   Code   RO         1366    .ARM.Collect$$_printf_percent$$00000008  c_w.l(_printf_i.o)
    0x080001d4   0x080001d4   0x00000006   Code   RO         1367    .ARM.Collect$$_printf_percent$$00000009  c_w.l(_printf_d.o)
    0x080001da   0x080001da   0x00000006   Code   RO         1368    .ARM.Collect$$_printf_percent$$0000000A  c_w.l(_printf_u.o)
    0x080001e0   0x080001e0   0x00000006   Code   RO         1365    .ARM.Collect$$_printf_percent$$0000000B  c_w.l(_printf_o.o)
    0x080001e6   0x080001e6   0x00000006   Code   RO         1363    .ARM.Collect$$_printf_percent$$0000000C  c_w.l(_printf_x.o)
    0x080001ec   0x080001ec   0x00000006   Code   RO         1373    .ARM.Collect$$_printf_percent$$0000000D  c_w.l(_printf_lli.o)
    0x080001f2   0x080001f2   0x00000006   Code   RO         1374    .ARM.Collect$$_printf_percent$$0000000E  c_w.l(_printf_lld.o)
    0x080001f8   0x080001f8   0x00000006   Code   RO         1375    .ARM.Collect$$_printf_percent$$0000000F  c_w.l(_printf_llu.o)
    0x080001fe   0x080001fe   0x00000006   Code   RO         1380    .ARM.Collect$$_printf_percent$$00000010  c_w.l(_printf_llo.o)
    0x08000204   0x08000204   0x00000006   Code   RO         1381    .ARM.Collect$$_printf_percent$$00000011  c_w.l(_printf_llx.o)
    0x0800020a   0x0800020a   0x0000000a   Code   RO         1377    .ARM.Collect$$_printf_percent$$00000012  c_w.l(_printf_l.o)
    0x08000214   0x08000214   0x00000006   Code   RO         1360    .ARM.Collect$$_printf_percent$$00000013  c_w.l(_printf_c.o)
    0x0800021a   0x0800021a   0x00000006   Code   RO         1361    .ARM.Collect$$_printf_percent$$00000014  c_w.l(_printf_s.o)
    0x08000220   0x08000220   0x00000006   Code   RO         1378    .ARM.Collect$$_printf_percent$$00000015  c_w.l(_printf_lc.o)
    0x08000226   0x08000226   0x00000006   Code   RO         1379    .ARM.Collect$$_printf_percent$$00000016  c_w.l(_printf_ls.o)
    0x0800022c   0x0800022c   0x00000004   Code   RO         1372    .ARM.Collect$$_printf_percent$$00000017  c_w.l(_printf_percent_end.o)
    0x08000230   0x08000230   0x00000002   Code   RO         1591    .ARM.Collect$$libinit$$00000000  c_w.l(libinit.o)
    0x08000232   0x08000232   0x00000000   Code   RO         1385    .ARM.Collect$$libinit$$00000002  c_w.l(libinit2.o)
    0x08000232   0x08000232   0x00000000   Code   RO         1387    .ARM.Collect$$libinit$$00000004  c_w.l(libinit2.o)
    0x08000232   0x08000232   0x00000000   Code   RO         1390    .ARM.Collect$$libinit$$0000000A  c_w.l(libinit2.o)
    0x08000232   0x08000232   0x00000000   Code   RO         1392    .ARM.Collect$$libinit$$0000000C  c_w.l(libinit2.o)
    0x08000232   0x08000232   0x00000000   Code   RO         1394    .ARM.Collect$$libinit$$0000000E  c_w.l(libinit2.o)
    0x08000232   0x08000232   0x00000006   Code   RO         1395    .ARM.Collect$$libinit$$0000000F  c_w.l(libinit2.o)
    0x08000238   0x08000238   0x00000000   Code   RO         1397    .ARM.Collect$$libinit$$00000011  c_w.l(libinit2.o)
    0x08000238   0x08000238   0x0000000c   Code   RO         1398    .ARM.Collect$$libinit$$00000012  c_w.l(libinit2.o)
    0x08000244   0x08000244   0x00000000   Code   RO         1399    .ARM.Collect$$libinit$$00000013  c_w.l(libinit2.o)
    0x08000244   0x08000244   0x00000000   Code   RO         1401    .ARM.Collect$$libinit$$00000015  c_w.l(libinit2.o)
    0x08000244   0x08000244   0x0000000a   Code   RO         1402    .ARM.Collect$$libinit$$00000016  c_w.l(libinit2.o)
    0x0800024e   0x0800024e   0x00000000   Code   RO         1403    .ARM.Collect$$libinit$$00000017  c_w.l(libinit2.o)
    0x0800024e   0x0800024e   0x00000000   Code   RO         1405    .ARM.Collect$$libinit$$00000019  c_w.l(libinit2.o)
    0x0800024e   0x0800024e   0x00000000   Code   RO         1407    .ARM.Collect$$libinit$$0000001B  c_w.l(libinit2.o)
    0x0800024e   0x0800024e   0x00000000   Code   RO         1409    .ARM.Collect$$libinit$$0000001D  c_w.l(libinit2.o)
    0x0800024e   0x0800024e   0x00000000   Code   RO         1411    .ARM.Collect$$libinit$$0000001F  c_w.l(libinit2.o)
    0x0800024e   0x0800024e   0x00000000   Code   RO         1413    .ARM.Collect$$libinit$$00000021  c_w.l(libinit2.o)
    0x0800024e   0x0800024e   0x00000000   Code   RO         1415    .ARM.Collect$$libinit$$00000023  c_w.l(libinit2.o)
    0x0800024e   0x0800024e   0x00000000   Code   RO         1417    .ARM.Collect$$libinit$$00000025  c_w.l(libinit2.o)
    0x0800024e   0x0800024e   0x00000000   Code   RO         1421    .ARM.Collect$$libinit$$0000002C  c_w.l(libinit2.o)
    0x0800024e   0x0800024e   0x00000000   Code   RO         1423    .ARM.Collect$$libinit$$0000002E  c_w.l(libinit2.o)
    0x0800024e   0x0800024e   0x00000000   Code   RO         1425    .ARM.Collect$$libinit$$00000030  c_w.l(libinit2.o)
    0x0800024e   0x0800024e   0x00000000   Code   RO         1427    .ARM.Collect$$libinit$$00000032  c_w.l(libinit2.o)
    0x0800024e   0x0800024e   0x00000002   Code   RO         1428    .ARM.Collect$$libinit$$00000033  c_w.l(libinit2.o)
    0x08000250   0x08000250   0x00000002   Code   RO         1627    .ARM.Collect$$libshutdown$$00000000  c_w.l(libshutdown.o)
    0x08000252   0x08000252   0x00000000   Code   RO         1633    .ARM.Collect$$libshutdown$$00000002  c_w.l(libshutdown2.o)
    0x08000252   0x08000252   0x00000000   Code   RO         1635    .ARM.Collect$$libshutdown$$00000004  c_w.l(libshutdown2.o)
    0x08000252   0x08000252   0x00000000   Code   RO         1638    .ARM.Collect$$libshutdown$$00000007  c_w.l(libshutdown2.o)
    0x08000252   0x08000252   0x00000000   Code   RO         1641    .ARM.Collect$$libshutdown$$0000000A  c_w.l(libshutdown2.o)
    0x08000252   0x08000252   0x00000000   Code   RO         1643    .ARM.Collect$$libshutdown$$0000000C  c_w.l(libshutdown2.o)
    0x08000252   0x08000252   0x00000000   Code   RO         1646    .ARM.Collect$$libshutdown$$0000000F  c_w.l(libshutdown2.o)
    0x08000252   0x08000252   0x00000002   Code   RO         1647    .ARM.Collect$$libshutdown$$00000010  c_w.l(libshutdown2.o)
    0x08000254   0x08000254   0x00000000   Code   RO         1309    .ARM.Collect$$rtentry$$00000000  c_w.l(__rtentry.o)
    0x08000254   0x08000254   0x00000000   Code   RO         1490    .ARM.Collect$$rtentry$$00000002  c_w.l(__rtentry2.o)
    0x08000254   0x08000254   0x00000006   Code   RO         1502    .ARM.Collect$$rtentry$$00000004  c_w.l(__rtentry4.o)
    0x0800025a   0x0800025a   0x00000000   Code   RO         1492    .ARM.Collect$$rtentry$$00000009  c_w.l(__rtentry2.o)
    0x0800025a   0x0800025a   0x00000004   Code   RO         1493    .ARM.Collect$$rtentry$$0000000A  c_w.l(__rtentry2.o)
    0x0800025e   0x0800025e   0x00000000   Code   RO         1495    .ARM.Collect$$rtentry$$0000000C  c_w.l(__rtentry2.o)
    0x0800025e   0x0800025e   0x00000008   Code   RO         1496    .ARM.Collect$$rtentry$$0000000D  c_w.l(__rtentry2.o)
    0x08000266   0x08000266   0x00000002   Code   RO         1596    .ARM.Collect$$rtexit$$00000000  c_w.l(rtexit.o)
    0x08000268   0x08000268   0x00000000   Code   RO         1609    .ARM.Collect$$rtexit$$00000002  c_w.l(rtexit2.o)
    0x08000268   0x08000268   0x00000004   Code   RO         1610    .ARM.Collect$$rtexit$$00000003  c_w.l(rtexit2.o)
    0x0800026c   0x0800026c   0x00000006   Code   RO         1611    .ARM.Collect$$rtexit$$00000004  c_w.l(rtexit2.o)
    0x08000272   0x08000272   0x00000002   PAD
    0x08000274   0x08000274   0x00000120   Code   RO            1    .text               main.o
    0x08000394   0x08000394   0x00000012   Code   RO          231    .text               stm32f10x_it.o
    0x080003a6   0x080003a6   0x00000002   PAD
    0x080003a8   0x080003a8   0x00000158   Code   RO          329    .text               system_stm32f10x.o
    0x08000500   0x08000500   0x00000104   Code   RO          347    .text               led.o
    0x08000604   0x08000604   0x000002a8   Code   RO          359    .text               key.o
    0x080008ac   0x080008ac   0x00000584   Code   RO          380    .text               key_ch455_iic.o
    0x08000e30   0x08000e30   0x00000108   Code   RO          393    .text               timer.o
    0x08000f38   0x08000f38   0x00000218   Code   RO          427    .text               pwm.o
    0x08001150   0x08001150   0x00000188   Code   RO          477    .text               encoder.o
    0x080012d8   0x080012d8   0x00000098   Code   RO          516    .text               delay.o
    0x08001370   0x08001370   0x00000218   Code   RO          547    .text               usart.o
    0x08001588   0x08001588   0x00000040   Code   RO          585    .text               startup_stm32f10x_md.o
    0x080015c8   0x080015c8   0x00000264   Code   RO          589    .text               stm32f10x_gpio.o
    0x0800182c   0x0800182c   0x000002b8   Code   RO          601    .text               stm32f10x_rcc.o
    0x08001ae4   0x08001ae4   0x00000328   Code   RO          615    .text               stm32f10x_usart.o
    0x08001e0c   0x08001e0c   0x000000b0   Code   RO          627    .text               misc.o
    0x08001ebc   0x08001ebc   0x00000af0   Code   RO          639    .text               stm32f10x_tim.o
    0x080029ac   0x080029ac   0x000000e8   Code   RO          664    .text               stm32f10x_exti.o
    0x08002a94   0x08002a94   0x000001c8   Code   RO          688    .text               stm32f10x_dma.o
    0x08002c5c   0x08002c5c   0x000004c4   Code   RO          700    .text               oled_basic.o
    0x08003120   0x08003120   0x0000014c   Code   RO          748    .text               oled_buffer.o
    0x0800326c   0x0800326c   0x0000001c   Code   RO          768    .text               oled_color.o
    0x08003288   0x08003288   0x00000034   Code   RO          782    .text               oled_config.o
    0x080032bc   0x080032bc   0x00000f14   Code   RO          836    .text               oled_draw.o
    0x080041d0   0x080041d0   0x0000028c   Code   RO          877    .text               oled_driver.o
    0x0800445c   0x0800445c   0x00000020   Code   RO          889    .text               oled_font.o
    0x0800447c   0x0800447c   0x0000079c   Code   RO          929    .text               func.o
    0x08004c18   0x08004c18   0x0000016c   Code   RO          952    .text               gui.o
    0x08004d84   0x08004d84   0x000003e8   Code   RO          970    .text               menu.o
    0x0800516c   0x0800516c   0x00000044   Code   RO          992    .text               millis.o
    0x080051b0   0x080051b0   0x00000184   Code   RO         1010    .text               lqax.o
    0x08005334   0x08005334   0x000001c0   Code   RO         1063    .text               softiic.o
    0x080054f4   0x080054f4   0x000006b4   Code   RO         1091    .text               controller.o
    0x08005ba8   0x08005ba8   0x000000e8   Code   RO         1116    .text               pid.o
    0x08005c90   0x08005c90   0x00000264   Code   RO         1135    .text               usart2.o
    0x08005ef4   0x08005ef4   0x00000002   Code   RO         1168    .text               c_w.l(use_no_semi_2.o)
    0x08005ef6   0x08005ef6   0x00000002   PAD
    0x08005ef8   0x08005ef8   0x00000024   Code   RO         1170    .text               c_w.l(vsprintf.o)
    0x08005f1c   0x08005f1c   0x0000002c   Code   RO         1172    .text               c_w.l(__2sprintf.o)
    0x08005f48   0x08005f48   0x00000188   Code   RO         1195    .text               c_w.l(__printf_flags_ss_wp.o)
    0x080060d0   0x080060d0   0x0000003e   Code   RO         1205    .text               c_w.l(strlen.o)
    0x0800610e   0x0800610e   0x00000018   Code   RO         1207    .text               c_w.l(strcat.o)
    0x08006126   0x08006126   0x0000008a   Code   RO         1209    .text               c_w.l(rt_memcpy_v6.o)
    0x080061b0   0x080061b0   0x00000010   Code   RO         1211    .text               c_w.l(aeabi_memset.o)
    0x080061c0   0x080061c0   0x00000044   Code   RO         1213    .text               c_w.l(rt_memclr.o)
    0x08006204   0x08006204   0x0000004e   Code   RO         1215    .text               c_w.l(rt_memclr_w.o)
    0x08006252   0x08006252   0x00000006   Code   RO         1217    .text               c_w.l(heapauxi.o)
    0x08006258   0x08006258   0x00000002   Code   RO         1307    .text               c_w.l(use_no_semi.o)
    0x0800625a   0x0800625a   0x00000016   Code   RO         1310    .text               c_w.l(_rserrno.o)
    0x08006270   0x08006270   0x0000004e   Code   RO         1312    .text               c_w.l(_printf_pad.o)
    0x080062be   0x080062be   0x00000024   Code   RO         1314    .text               c_w.l(_printf_truncate.o)
    0x080062e2   0x080062e2   0x00000052   Code   RO         1316    .text               c_w.l(_printf_str.o)
    0x08006334   0x08006334   0x00000078   Code   RO         1318    .text               c_w.l(_printf_dec.o)
    0x080063ac   0x080063ac   0x00000028   Code   RO         1320    .text               c_w.l(_printf_charcount.o)
    0x080063d4   0x080063d4   0x0000041e   Code   RO         1322    .text               c_w.l(_printf_fp_dec.o)
    0x080067f2   0x080067f2   0x00000002   PAD
    0x080067f4   0x080067f4   0x00000030   Code   RO         1324    .text               c_w.l(_printf_char_common.o)
    0x08006824   0x08006824   0x0000000a   Code   RO         1326    .text               c_w.l(_sputc.o)
    0x0800682e   0x0800682e   0x00000002   PAD
    0x08006830   0x08006830   0x000000bc   Code   RO         1328    .text               c_w.l(_printf_wctomb.o)
    0x080068ec   0x080068ec   0x0000007c   Code   RO         1331    .text               c_w.l(_printf_longlong_dec.o)
    0x08006968   0x08006968   0x00000070   Code   RO         1337    .text               c_w.l(_printf_oct_int_ll.o)
    0x080069d8   0x080069d8   0x00000094   Code   RO         1357    .text               c_w.l(_printf_hex_int_ll_ptr.o)
    0x08006a6c   0x08006a6c   0x00000064   Code   RO         1382    .text               c_w.l(rt_memcpy_w.o)
    0x08006ad0   0x08006ad0   0x00000008   Code   RO         1507    .text               c_w.l(rt_locale_intlibspace.o)
    0x08006ad8   0x08006ad8   0x00000008   Code   RO         1512    .text               c_w.l(rt_errno_addr_intlibspace.o)
    0x08006ae0   0x08006ae0   0x0000008a   Code   RO         1514    .text               c_w.l(lludiv10.o)
    0x08006b6a   0x08006b6a   0x000000b2   Code   RO         1516    .text               c_w.l(_printf_intcommon.o)
    0x08006c1c   0x08006c1c   0x000002fc   Code   RO         1518    .text               c_w.l(_printf_fp_hex.o)
    0x08006f18   0x08006f18   0x00000080   Code   RO         1521    .text               c_w.l(_printf_fp_infnan.o)
    0x08006f98   0x08006f98   0x0000002c   Code   RO         1525    .text               c_w.l(_printf_char.o)
    0x08006fc4   0x08006fc4   0x0000002c   Code   RO         1527    .text               c_w.l(_printf_wchar.o)
    0x08006ff0   0x08006ff0   0x000000e4   Code   RO         1529    .text               c_w.l(bigflt0.o)
    0x080070d4   0x080070d4   0x00000040   Code   RO         1554    .text               c_w.l(_wcrtomb.o)
    0x08007114   0x08007114   0x00000008   Code   RO         1571    .text               c_w.l(libspace.o)
    0x0800711c   0x0800711c   0x0000004a   Code   RO         1574    .text               c_w.l(sys_stackheap_outer.o)
    0x08007166   0x08007166   0x00000002   PAD
    0x08007168   0x08007168   0x00000010   Code   RO         1576    .text               c_w.l(rt_ctype_table.o)
    0x08007178   0x08007178   0x00000012   Code   RO         1578    .text               c_w.l(exit.o)
    0x0800718a   0x0800718a   0x00000002   PAD
    0x0800718c   0x0800718c   0x00000080   Code   RO         1580    .text               c_w.l(strcmpv7m.o)
    0x0800720c   0x0800720c   0x0000003e   Code   RO         1532    CL$$btod_d2e        c_w.l(btod.o)
    0x0800724a   0x0800724a   0x00000046   Code   RO         1534    CL$$btod_d2e_denorm_low  c_w.l(btod.o)
    0x08007290   0x08007290   0x00000060   Code   RO         1533    CL$$btod_d2e_norm_op1  c_w.l(btod.o)
    0x080072f0   0x080072f0   0x00000338   Code   RO         1542    CL$$btod_div_common  c_w.l(btod.o)
    0x08007628   0x08007628   0x000000dc   Code   RO         1539    CL$$btod_e2e        c_w.l(btod.o)
    0x08007704   0x08007704   0x0000002a   Code   RO         1536    CL$$btod_ediv       c_w.l(btod.o)
    0x0800772e   0x0800772e   0x0000002a   Code   RO         1535    CL$$btod_emul       c_w.l(btod.o)
    0x08007758   0x08007758   0x00000244   Code   RO         1541    CL$$btod_mult_common  c_w.l(btod.o)
    0x0800799c   0x0800799c   0x00000028   Code   RO         1567    i.__ARM_fpclassify  m_ws.l(fpclassify.o)
    0x080079c4   0x080079c4   0x00000388   Code   RO         1478    i.__ieee754_rem_pio2  m_ws.l(rred.o)
    0x08007d4c   0x08007d4c   0x000000fc   Code   RO         1460    i.__kernel_cos      m_ws.l(cos_i.o)
    0x08007e48   0x08007e48   0x000000aa   Code   RO         1569    i.__kernel_poly     m_ws.l(poly.o)
    0x08007ef2   0x08007ef2   0x00000002   PAD
    0x08007ef4   0x08007ef4   0x000000ec   Code   RO         1483    i.__kernel_sin      m_ws.l(sin_i.o)
    0x08007fe0   0x08007fe0   0x00000006   Code   RO         1464    i.__mathlib_dbl_infnan  m_ws.l(dunder.o)
    0x08007fe6   0x08007fe6   0x00000004   Code   RO         1465    i.__mathlib_dbl_infnan2  m_ws.l(dunder.o)
    0x08007fea   0x08007fea   0x0000000c   Code   RO         1466    i.__mathlib_dbl_invalid  m_ws.l(dunder.o)
    0x08007ff6   0x08007ff6   0x00000002   PAD
    0x08007ff8   0x08007ff8   0x00000010   Code   RO         1469    i.__mathlib_dbl_underflow  m_ws.l(dunder.o)
    0x08008008   0x08008008   0x0000000e   Code   RO         1188    i._is_digit         c_w.l(__printf_wp.o)
    0x08008016   0x08008016   0x00000002   PAD
    0x08008018   0x08008018   0x00000220   Code   RO         1451    i.atan              m_ws.l(atan.o)
    0x08008238   0x08008238   0x00000180   Code   RO         1284    i.atan2             m_ws.l(atan2.o)
    0x080083b8   0x080083b8   0x0000009c   Code   RO         1292    i.cos               m_ws.l(cos.o)
    0x08008454   0x08008454   0x000000a0   Code   RO         1300    i.sin               m_ws.l(sin.o)
    0x080084f4   0x080084f4   0x0000002c   Code   RO         1557    locale$$code        c_w.l(lc_numeric_c.o)
    0x08008520   0x08008520   0x0000002c   Code   RO         1601    locale$$code        c_w.l(lc_ctype_c.o)
    0x0800854c   0x0800854c   0x00000062   Code   RO         1221    x$fpl$d2f           fz_ws.l(d2f.o)
    0x080085ae   0x080085ae   0x00000002   PAD
    0x080085b0   0x080085b0   0x00000150   Code   RO         1223    x$fpl$dadd          fz_ws.l(daddsub_clz.o)
    0x08008700   0x08008700   0x00000010   Code   RO         1429    x$fpl$dcheck1       fz_ws.l(dcheck1.o)
    0x08008710   0x08008710   0x000002b0   Code   RO         1230    x$fpl$ddiv          fz_ws.l(ddiv.o)
    0x080089c0   0x080089c0   0x0000005e   Code   RO         1233    x$fpl$dfix          fz_ws.l(dfix.o)
    0x08008a1e   0x08008a1e   0x0000002e   Code   RO         1238    x$fpl$dflt          fz_ws.l(dflt_clz.o)
    0x08008a4c   0x08008a4c   0x00000026   Code   RO         1237    x$fpl$dfltu         fz_ws.l(dflt_clz.o)
    0x08008a72   0x08008a72   0x00000002   PAD
    0x08008a74   0x08008a74   0x00000154   Code   RO         1243    x$fpl$dmul          fz_ws.l(dmul.o)
    0x08008bc8   0x08008bc8   0x0000009c   Code   RO         1431    x$fpl$dnaninf       fz_ws.l(dnaninf.o)
    0x08008c64   0x08008c64   0x0000000c   Code   RO         1433    x$fpl$dretinf       fz_ws.l(dretinf.o)
    0x08008c70   0x08008c70   0x00000016   Code   RO         1224    x$fpl$drsb          fz_ws.l(daddsub_clz.o)
    0x08008c86   0x08008c86   0x00000002   PAD
    0x08008c88   0x08008c88   0x000001d4   Code   RO         1225    x$fpl$dsub          fz_ws.l(daddsub_clz.o)
    0x08008e5c   0x08008e5c   0x00000056   Code   RO         1245    x$fpl$f2d           fz_ws.l(f2d.o)
    0x08008eb2   0x08008eb2   0x00000002   PAD
    0x08008eb4   0x08008eb4   0x000000c4   Code   RO         1247    x$fpl$fadd          fz_ws.l(faddsub_clz.o)
    0x08008f78   0x08008f78   0x0000000c   Code   RO         1435    x$fpl$fcheck1       fz_ws.l(fcheck1.o)
    0x08008f84   0x08008f84   0x00000018   Code   RO         1437    x$fpl$fcmpinf       fz_ws.l(fcmpi.o)
    0x08008f9c   0x08008f9c   0x00000184   Code   RO         1254    x$fpl$fdiv          fz_ws.l(fdiv.o)
    0x08009120   0x08009120   0x00000036   Code   RO         1257    x$fpl$ffix          fz_ws.l(ffix.o)
    0x08009156   0x08009156   0x00000002   PAD
    0x08009158   0x08009158   0x0000003e   Code   RO         1261    x$fpl$ffixu         fz_ws.l(ffixu.o)
    0x08009196   0x08009196   0x00000002   PAD
    0x08009198   0x08009198   0x00000030   Code   RO         1266    x$fpl$fflt          fz_ws.l(fflt_clz.o)
    0x080091c8   0x080091c8   0x00000026   Code   RO         1265    x$fpl$ffltu         fz_ws.l(fflt_clz.o)
    0x080091ee   0x080091ee   0x00000002   PAD
    0x080091f0   0x080091f0   0x00000068   Code   RO         1271    x$fpl$fleqf         fz_ws.l(fleqf.o)
    0x08009258   0x08009258   0x00000102   Code   RO         1273    x$fpl$fmul          fz_ws.l(fmul.o)
    0x0800935a   0x0800935a   0x0000008c   Code   RO         1439    x$fpl$fnaninf       fz_ws.l(fnaninf.o)
    0x080093e6   0x080093e6   0x0000000a   Code   RO         1441    x$fpl$fretinf       fz_ws.l(fretinf.o)
    0x080093f0   0x080093f0   0x00000062   Code   RO         1275    x$fpl$frleqf        fz_ws.l(frleqf.o)
    0x08009452   0x08009452   0x00000014   Code   RO         1248    x$fpl$frsb          fz_ws.l(faddsub_clz.o)
    0x08009466   0x08009466   0x00000002   PAD
    0x08009468   0x08009468   0x000000ea   Code   RO         1249    x$fpl$fsub          fz_ws.l(faddsub_clz.o)
    0x08009552   0x08009552   0x00000004   Code   RO         1277    x$fpl$printf1       fz_ws.l(printf1.o)
    0x08009556   0x08009556   0x00000004   Code   RO         1443    x$fpl$printf2       fz_ws.l(printf2.o)
    0x0800955a   0x0800955a   0x00000064   Code   RO         1565    x$fpl$retnan        fz_ws.l(retnan.o)
    0x080095be   0x080095be   0x0000005c   Code   RO         1279    x$fpl$scalbn        fz_ws.l(scalbn.o)
    0x0800961a   0x0800961a   0x0000004c   Code   RO         1281    x$fpl$scalbnf       fz_ws.l(scalbnf.o)
    0x08009666   0x08009666   0x00000030   Code   RO         1592    x$fpl$trapveneer    fz_ws.l(trapv.o)
    0x08009696   0x08009696   0x00000000   Code   RO         1449    x$fpl$usenofp       fz_ws.l(usenofp.o)
    0x08009696   0x08009696   0x00000010   Data   RO          360    .constdata          key.o
    0x080096a6   0x080096a6   0x00000500   Data   RO          890    .constdata          oled_font.o
    0x08009ba6   0x08009ba6   0x00000002   PAD
    0x08009ba8   0x08009ba8   0x0000003c   Data   RO         1118    .constdata          pid.o
    0x08009be4   0x08009be4   0x00000011   Data   RO         1196    .constdata          c_w.l(__printf_flags_ss_wp.o)
    0x08009bf5   0x08009bf5   0x00000003   PAD
    0x08009bf8   0x08009bf8   0x00000008   Data   RO         1329    .constdata          c_w.l(_printf_wctomb.o)
    0x08009c00   0x08009c00   0x00000028   Data   RO         1358    .constdata          c_w.l(_printf_hex_int_ll_ptr.o)
    0x08009c28   0x08009c28   0x00000098   Data   RO         1452    .constdata          m_ws.l(atan.o)
    0x08009cc0   0x08009cc0   0x00000030   Data   RO         1461    .constdata          m_ws.l(cos_i.o)
    0x08009cf0   0x08009cf0   0x00000008   Data   RO         1477    .constdata          m_ws.l(qnan.o)
    0x08009cf8   0x08009cf8   0x000000c8   Data   RO         1480    .constdata          m_ws.l(rred.o)
    0x08009dc0   0x08009dc0   0x00000028   Data   RO         1484    .constdata          m_ws.l(sin_i.o)
    0x08009de8   0x08009de8   0x00000026   Data   RO         1519    .constdata          c_w.l(_printf_fp_hex.o)
    0x08009e0e   0x08009e0e   0x00000002   PAD
    0x08009e10   0x08009e10   0x00000094   Data   RO         1530    .constdata          c_w.l(bigflt0.o)
    0x08009ea4   0x08009ea4   0x000000ad   Data   RO          972    .conststring        menu.o
    0x08009f51   0x08009f51   0x00000003   PAD
    0x08009f54   0x08009f54   0x00000020   Data   RO         1664    Region$$Table       anon$$obj.o
    0x08009f74   0x08009f74   0x0000001c   Data   RO         1556    locale$$data        c_w.l(lc_numeric_c.o)
    0x08009f90   0x08009f90   0x00000110   Data   RO         1600    locale$$data        c_w.l(lc_ctype_c.o)


    Execution Region RW_IRAM1 (Exec base: 0x20000000, Load base: 0x0800a0a0, Size: 0x000015c0, Max: 0x00005000, ABSOLUTE, COMPRESSED[0x00000090])

    Exec Addr    Load Addr    Size         Type   Attr      Idx    E Section Name        Object

    0x20000000   COMPRESSED   0x00000009   Data   RW            2    .data               main.o
    0x20000009   COMPRESSED   0x00000001   Data   RW            3    .data               main.o
    0x2000000a   COMPRESSED   0x00000001   Data   RW            5    .data               main.o
    0x2000000b   COMPRESSED   0x00000001   PAD
    0x2000000c   COMPRESSED   0x00000014   Data   RW          330    .data               system_stm32f10x.o
    0x20000020   COMPRESSED   0x00000001   Data   RW          361    .data               key.o
    0x20000021   COMPRESSED   0x00000001   Data   RW          362    .data               key.o
    0x20000022   COMPRESSED   0x00000002   PAD
    0x20000024   COMPRESSED   0x0000001c   Data   RW          363    .data               key.o
    0x20000040   COMPRESSED   0x00000004   Data   RW          398    .data               timer.o
    0x20000044   COMPRESSED   0x00000004   Data   RW          478    .data               encoder.o
    0x20000048   COMPRESSED   0x00000004   Data   RW          479    .data               encoder.o
    0x2000004c   COMPRESSED   0x00000004   Data   RW          517    .data               delay.o
    0x20000050   COMPRESSED   0x00000002   Data   RW          549    .data               usart.o
    0x20000052   COMPRESSED   0x00000014   Data   RW          602    .data               stm32f10x_rcc.o
    0x20000066   COMPRESSED   0x00000002   PAD
    0x20000068   COMPRESSED   0x00000018   Data   RW          701    .data               oled_basic.o
    0x20000080   COMPRESSED   0x00000001   Data   RW          750    .data               oled_buffer.o
    0x20000081   COMPRESSED   0x00000002   Data   RW          769    .data               oled_color.o
    0x20000083   COMPRESSED   0x00000001   PAD
    0x20000084   COMPRESSED   0x00000004   Data   RW          783    .data               oled_config.o
    0x20000088   COMPRESSED   0x00000008   Data   RW          837    .data               oled_draw.o
    0x20000090   COMPRESSED   0x00000002   Data   RW          893    .data               oled_font.o
    0x20000092   COMPRESSED   0x00000001   Data   RW          930    .data               func.o
    0x20000093   COMPRESSED   0x00000001   PAD
    0x20000094   COMPRESSED   0x00000090   Data   RW          973    .data               menu.o
    0x20000124   COMPRESSED   0x00000008   Data   RW          993    .data               millis.o
    0x2000012c   COMPRESSED   0x00000014   Data   RW         1013    .data               lqax.o
    0x20000140   COMPRESSED   0x00000049   Data   RW         1092    .data               controller.o
    0x20000189   COMPRESSED   0x00000002   Data   RW         1141    .data               usart2.o
    0x2000018b   COMPRESSED   0x00000001   PAD
    0x2000018c        -       0x000000c8   Zero   RW          548    .bss                usart.o
    0x20000254        -       0x00000800   Zero   RW          749    .bss                oled_buffer.o
    0x20000a54        -       0x00000054   Zero   RW          971    .bss                menu.o
    0x20000aa8        -       0x00000084   Zero   RW         1117    .bss                pid.o
    0x20000b2c        -       0x00000032   Zero   RW         1137    .bss                usart2.o
    0x20000b5e   COMPRESSED   0x00000002   PAD
    0x20000b60        -       0x00000400   Zero   RW         1138    .bss                usart2.o
    0x20000f60        -       0x00000060   Zero   RW         1572    .bss                c_w.l(libspace.o)
    0x20000fc0        -       0x00000200   Zero   RW          583    HEAP                startup_stm32f10x_md.o
    0x200011c0        -       0x00000400   Zero   RW          582    STACK               startup_stm32f10x_md.o


==============================================================================

Image component sizes


      Code (inc. data)   RO Data    RW Data    ZI Data      Debug   Object Name

      1716        200          0         73          0       5162   controller.o
       152         14          0          4          0       1055   delay.o
       392         18          0          8          0       1849   encoder.o
      1948        400          0          1          0       2969   func.o
       364         14          0          0          0       2394   gui.o
       680         34         16         30          0       3350   key.o
      1412        112          0          0          0       4551   key_ch455_iic.o
       260         12          0          0          0        623   led.o
       388         26          0         20          0       2127   lqax.o
       288         40          0         11          0     242323   main.o
      1000         26        173        144         84       5847   menu.o
        68         12          0          8          0       1631   millis.o
       176         14          0          0          0       1865   misc.o
      1220         26          0         24          0       8544   oled_basic.o
       332         14          0          1       2048       3432   oled_buffer.o
        28          4          0          2          0       1058   oled_color.o
        52         12          0          4          0       1041   oled_config.o
         0          0          0          0          0        572   oled_debug.o
      3860         18          0          8          0      16812   oled_draw.o
       652         10          0          0          0       2047   oled_driver.o
        32          4       1280          2          0       1857   oled_font.o
       232         10         60          0        132       2296   pid.o
       536         30          0          0          0     207561   pwm.o
       448         10          0          0          0       2977   softiic.o
        64         26        236          0       1536        780   startup_stm32f10x_md.o
       456         10          0          0          0       4622   stm32f10x_dma.o
       232          8          0          0          0       2375   stm32f10x_exti.o
       612         36          0          0          0       5997   stm32f10x_gpio.o
        18          0          0          0          0      54370   stm32f10x_it.o
       696         32          0         20          0       8960   stm32f10x_rcc.o
      2800         84          0          0          0      23930   stm32f10x_tim.o
       808         22          0          0          0       8860   stm32f10x_usart.o
         0          0          0          0          0         32   sys.o
       344         34          0         20          0       1731   system_stm32f10x.o
       264         24          0          4          0       1444   timer.o
       536         18          0          2        200       4212   usart.o
       612         24          0          2       1074       3544   usart2.o

    ----------------------------------------------------------------------
     23680       1378       1802        396       5076     644800   Object Totals
         0          0         32          0          0          0   (incl. Generated)
         2          0          5          8          2          0   (incl. Padding)

    ----------------------------------------------------------------------

      Code (inc. data)   RO Data    RW Data    ZI Data      Debug   Library Member Name

        44          6          0          0          0         84   __2sprintf.o
        90          0          0          0          0          0   __dczerorl2.o
         8          0          0          0          0         68   __main.o
       392          4         17          0          0         92   __printf_flags_ss_wp.o
        14          0          0          0          0         68   __printf_wp.o
         0          0          0          0          0          0   __rtentry.o
        12          0          0          0          0          0   __rtentry2.o
         6          0          0          0          0          0   __rtentry4.o
        52          8          0          0          0          0   __scatter.o
        28          0          0          0          0          0   __scatter_zi.o
         6          0          0          0          0          0   _printf_a.o
         6          0          0          0          0          0   _printf_c.o
        44          0          0          0          0        108   _printf_char.o
        48          6          0          0          0         96   _printf_char_common.o
        40          0          0          0          0         68   _printf_charcount.o
         6          0          0          0          0          0   _printf_d.o
       120         16          0          0          0         92   _printf_dec.o
         6          0          0          0          0          0   _printf_e.o
         6          0          0          0          0          0   _printf_f.o
      1054          0          0          0          0        216   _printf_fp_dec.o
       764          8         38          0          0        100   _printf_fp_hex.o
       128         16          0          0          0         84   _printf_fp_infnan.o
         6          0          0          0          0          0   _printf_g.o
       148          4         40          0          0        160   _printf_hex_int_ll_ptr.o
         6          0          0          0          0          0   _printf_i.o
       178          0          0          0          0         88   _printf_intcommon.o
        10          0          0          0          0          0   _printf_l.o
         6          0          0          0          0          0   _printf_lc.o
        10          0          0          0          0          0   _printf_ll.o
         6          0          0          0          0          0   _printf_lld.o
         6          0          0          0          0          0   _printf_lli.o
         6          0          0          0          0          0   _printf_llo.o
         6          0          0          0          0          0   _printf_llu.o
         6          0          0          0          0          0   _printf_llx.o
       124         16          0          0          0         92   _printf_longlong_dec.o
         6          0          0          0          0          0   _printf_ls.o
         6          0          0          0          0          0   _printf_n.o
         6          0          0          0          0          0   _printf_o.o
       112         10          0          0          0        124   _printf_oct_int_ll.o
         6          0          0          0          0          0   _printf_p.o
        78          0          0          0          0        108   _printf_pad.o
         0          0          0          0          0          0   _printf_percent.o
         4          0          0          0          0          0   _printf_percent_end.o
         6          0          0          0          0          0   _printf_s.o
        82          0          0          0          0         80   _printf_str.o
        36          0          0          0          0         84   _printf_truncate.o
         6          0          0          0          0          0   _printf_u.o
        44          0          0          0          0        108   _printf_wchar.o
       188          6          8          0          0         92   _printf_wctomb.o
         6          0          0          0          0          0   _printf_x.o
        22          0          0          0          0        100   _rserrno.o
        10          0          0          0          0         68   _sputc.o
        64          0          0          0          0         92   _wcrtomb.o
        16          0          0          0          0         68   aeabi_memset.o
       228          4        148          0          0         96   bigflt0.o
      1936        128          0          0          0        672   btod.o
        18          0          0          0          0         80   exit.o
         6          0          0          0          0        152   heapauxi.o
        44         10        272          0          0         76   lc_ctype_c.o
        44         10         28          0          0         76   lc_numeric_c.o
         2          0          0          0          0          0   libinit.o
        30          0          0          0          0          0   libinit2.o
         2          0          0          0          0          0   libshutdown.o
         2          0          0          0          0          0   libshutdown2.o
         8          4          0          0         96         68   libspace.o
       138          0          0          0          0         80   lludiv10.o
        16          4          0          0          0         76   rt_ctype_table.o
         8          4          0          0          0         68   rt_errno_addr_intlibspace.o
         8          4          0          0          0         68   rt_locale_intlibspace.o
        68          0          0          0          0         68   rt_memclr.o
        78          0          0          0          0         80   rt_memclr_w.o
       138          0          0          0          0         68   rt_memcpy_v6.o
       100          0          0          0          0         80   rt_memcpy_w.o
         2          0          0          0          0          0   rtexit.o
        10          0          0          0          0          0   rtexit2.o
        24          0          0          0          0         68   strcat.o
       128          0          0          0          0         68   strcmpv7m.o
        62          0          0          0          0         76   strlen.o
        74          0          0          0          0         80   sys_stackheap_outer.o
         2          0          0          0          0         68   use_no_semi.o
         2          0          0          0          0         68   use_no_semi_2.o
        36          4          0          0          0         76   vsprintf.o
        98          4          0          0          0         92   d2f.o
       826         16          0          0          0        348   daddsub_clz.o
        16          4          0          0          0         68   dcheck1.o
       688        140          0          0          0        208   ddiv.o
        94          4          0          0          0         92   dfix.o
        84          0          0          0          0        136   dflt_clz.o
       340         12          0          0          0        104   dmul.o
       156          4          0          0          0         92   dnaninf.o
        12          0          0          0          0         68   dretinf.o
        86          4          0          0          0         84   f2d.o
       450          8          0          0          0        236   faddsub_clz.o
        12          4          0          0          0         68   fcheck1.o
        24          0          0          0          0         68   fcmpi.o
       388         76          0          0          0         96   fdiv.o
        54          4          0          0          0         84   ffix.o
        62          4          0          0          0         84   ffixu.o
        86          0          0          0          0        136   fflt_clz.o
       104          4          0          0          0         84   fleqf.o
       258          4          0          0          0         84   fmul.o
       140          4          0          0          0         84   fnaninf.o
        10          0          0          0          0         68   fretinf.o
        98          0          0          0          0         68   frleqf.o
         4          0          0          0          0         68   printf1.o
         4          0          0          0          0         68   printf2.o
       100          0          0          0          0         68   retnan.o
        92          0          0          0          0         68   scalbn.o
        76          0          0          0          0         68   scalbnf.o
        48          0          0          0          0         68   trapv.o
         0          0          0          0          0          0   usenofp.o
       544         70        152          0          0        124   atan.o
       384         38          0          0          0        144   atan2.o
       156          8          0          0          0        104   cos.o
       252         22         48          0          0        124   cos_i.o
        38          6          0          0          0        272   dunder.o
        40          0          0          0          0         68   fpclassify.o
       170          0          0          0          0         96   poly.o
         0          0          8          0          0          0   qnan.o
       904         76        200          0          0        140   rred.o
       160         10          0          0          0        108   sin.o
       236         12         40          0          0        128   sin_i.o

    ----------------------------------------------------------------------
     14634        810       1004          0         96       8820   Library Totals
        36          0          5          0          0          0   (incl. Padding)

    ----------------------------------------------------------------------

      Code (inc. data)   RO Data    RW Data    ZI Data      Debug   Library Name

      7304        272        551          0         96       4652   c_w.l
      4410        296          0          0          0       2860   fz_ws.l
      2884        242        448          0          0       1308   m_ws.l

    ----------------------------------------------------------------------
     14634        810       1004          0         96       8820   Library Totals

    ----------------------------------------------------------------------

==============================================================================


      Code (inc. data)   RO Data    RW Data    ZI Data      Debug   

     38314       2188       2806        396       5172     643996   Grand Totals
     38314       2188       2806        144       5172     643996   ELF Image Totals (compressed)
     38314       2188       2806        144          0          0   ROM Totals

==============================================================================

    Total RO  Size (Code + RO Data)                41120 (  40.16kB)
    Total RW  Size (RW Data + ZI Data)              5568 (   5.44kB)
    Total ROM Size (Code + RO Data + RW Data)      41264 (  40.30kB)

==============================================================================

